10EMA-Double-Cross-Trend-Tracking-Strategy.md                eng 0.00 False  tv 0.00 False
5EMA-Trend-Following-Strategy-with-Dynamic-Stop-Loss-and-Tak eng -0.46 False  tv -0.46 False
AI-Optimized-Adaptive-Stop-Loss-Trading-System-with-Multiple eng -3.22 True  tv -3.22 True
Adaptive-Fibonacci-Bollinger-Bands-Strategy-Analysis.md      eng 0.96 False  tv 0.96 False
Adaptive-Momentum-Martingale-Trading-System.md               eng -3.49 True  tv -3.49 True
Advanced-Momentum-EMA-Trend-Following-with-RSI-Overbought-Ov eng -0.24 False  tv -0.24 False
BONK-Multi-Factor-Trading-Strategy.md                        eng -0.13 False  tv -0.13 False
Bollinger-Band-Mean-Reversion-Trading-Strategy.md            eng -0.88 False  tv -0.88 False
Confirmed-SMA-Crossover-Momentum-Strategy.md                 eng 0.40 True  tv 0.52 False
Dual-Filter-Index-Fund-Strategy-Based-on-Moving-Averages-and eng 0.19 False  tv 0.19 False
Dual-Moving-Average-Crossover-Strategy-with-Adaptive-Stop-Lo eng -0.75 True  tv -0.03 True
Dynamic-QQE-Trend-Following-with-Risk-Management-Quantitativ eng -1.39 True  tv -1.39 True
Dynamic-Risk-Managed-EMA-Crossover-with-Bollinger-Bands-Stra eng -0.74 False  tv -0.74 False
Dynamic-Stop-Loss-Moving-Average-Strategy.md                 eng -0.62 True  tv -0.62 True
Dynamic-Stop-Loss-and-Take-Profit-Bollinger-Bands-Strategy.m eng -0.73 True  tv -0.73 True
Dynamic-Trend-Following-Dual-Moving-Average-Crossover-Tradin eng 0.11 False  tv 0.11 False
Dynamic-Trend-Following-Strategy-Combining-Supertrend-and-EM eng -0.27 True  tv -0.27 True
Dynamic-Trend-Following-Strategy-Multi-Indicator-Integrated- eng 0.27 False  tv 0.27 False
EMA-Trend-Following-Automated-Trading-Strategy.md            eng 0.66 True  tv -0.16 False
High-Frequency-Mean-Reversion-Trading-System-with-Fixed-Stop eng 0.05 False  tv 0.05 False
High-Low-Breakout-Strategy-with-Alpha-Trend-and-Moving-Avera eng 0.72 False  tv 0.72 False
Hilo-Activator-MACD-Dynamic-Stop-Loss-Take-Profit-Trading-St eng -0.02 True  tv -0.02 True
Large-Volatility-Breakout-Dual-Direction-Trading-Strategy-Po eng -14.83 False  tv -13.23 False
MACD-Convergence-Strategy-with-RR-Daily-Limits-and-Tighter-S eng 0.46 False  tv 0.46 False
Market-Structure-Based-Support-Resistance-Zone-Candlestick-B eng -1.50 True  tv -1.50 True
Momentum-Breakout-Moving-Average-Strategy.md                 eng 0.14 False  tv 0.14 False
Momentum-Reversal-Trading-Strategy-428631.md                 eng -1.90 True  tv -1.56 True
Multi-Dimensional-Short-Term-Trend-Predictor-Technical-Analy eng 0.19 False  tv 0.24 False
Multi-EMA-Trend-Momentum-Crossover-Trading-System.md         eng 0.13 True  tv 0.13 True
Multi-Indicator-Cross-Momentum-Trading-Strategy-EMA-Trend-wi eng 0.28 False  tv 0.28 False
Multi-Indicator-Crossover-Dynamic-Strategy-System-A-Quantita eng 0.38 False  tv -0.59 False
Multi-Indicator-Integration-and-Intelligent-Risk-Control-Qua eng 0.17 True  tv 0.09 False
Multi-Indicator-Trend-Following-Strategy-Integrating-SuperTr eng 0.13 False  tv 0.13 False
Multi-Indicator-Trend-Momentum-Trading-Strategy-An-Optimized eng -0.45 True  tv -0.45 True
Multi-Moving-Average-ATR-Dynamic-Volatility-Strategy.md      eng 0.25 False  tv 0.25 False
Multi-Period-Supertrend-Percentage-Risk-Management-Strategy. eng 0.22 False  tv 0.22 False
Multi-Period-Technical-Indicator-Dynamic-Trading-System-Stra eng -0.86 False  tv -0.86 False
Multi-Timeframe-Bollinger-Momentum-Breakout-Strategy-with-Hu eng -0.59 False  tv -0.59 False
Multi-Timeframe-EMA-RSI-AO-PSAR-Dynamic-Stop-Loss-and-Take-P eng 0.08 False  tv -0.13 False
Multi-Timeframe-EMA-with-Fibonacci-Retracement-and-Pivot-Poi eng 0.35 False  tv 0.00 False
Multi-Timeframe-Exponential-Moving-Average-Crossover-Strateg eng 0.00 False  tv 0.00 False
Multi-Timeframe-Trend-Following-Strategy-with-200-EMA-Filter eng 0.05 True  tv 0.05 True
Multi-Timeframe-Trend-Trading-Strategy-Based-on-MACD-ADX-and eng -0.01 True  tv -0.01 True
Multi-timeframe-Fair-Value-Gap-Breakout-Strategy-with-Histor eng 0.00 False  tv 0.00 False
NMVOB-S.md                                                   eng -0.74 True  tv -0.76 True
Open-High-Close-Low-Breakout-Trading-Strategy.md             eng -0.94 True  tv -0.94 True
Open-High-Low-Stop-Loss-Tracking-Strategy.md                 eng -0.96 True  tv -0.96 True
Reversal-Catcher-Strategy.md                                 eng 0.03 True  tv 0.03 True
SMA-Crossover-Strategy-with-RSI-Filter-and-Alerts.md         eng -0.26 True  tv -0.61 True
SMC-Market-High-Low-Breakout-Strategy.md                     eng 0.00 True  tv 0.00 True
SUPERTREND-Trend-following-Long-Position-with-Stop-loss-and- eng -0.47 False  tv -0.47 False
Short-Term-Trading-Strategy-Based-on-Bollinger-Bands-Moving- eng -0.06 False  tv -0.06 False
Simple-Combined-Strategy-Pivot-Point-SuperTrend-and-DEMA.md  eng -0.19 True  tv -0.23 True
Swing-Points-Breakouts-Long-term-strategy.md                 eng 0.30 True  tv 0.30 True
The-Dynamic-Box-Percentage-Tracking-Strategy.md              eng 0.53 False  tv 0.53 False
/home/user/algocide/results/pine_review/stoplimit_class.py:58: RuntimeWarning: Mean of empty slice
  row[m + "_score"] = np.nanmean([row.get(f"{m}_btc_sharpe", np.nan), row.get(f"{m}_eth_sharpe", np.nan)])
Trend-Following-Strategy-Based-on-Moving-Average-Breakout.md eng nan False  tv nan False
Triple-Exponential-Moving-Average-Trend-Trading-Strategy.md  eng 0.40 True  tv 0.40 True
Volume-Difference-Delta-Cycle-Oscillator-Trading-Strategy.md eng 0.36 False  tv 0.46 False
v20-Squeeze-Backtest-Transformer-v20.md                      eng -34.58 True  tv -3.28 True
59 scripts run; 16 change score; eligible engine 27 vs TV semantics 24
