[crypto/portfolio/base] MR-RSI2(th=10)         dev n=  34 net=    0.94 pf= 1.08 | val n=  16 net=   -1.11 pf= 0.89 win=0.50 w=1/6 syms+=1/3 (0.2s)
[crypto/portfolio/adverse] MR-RSI2(th=10)         dev n=  34 net=    0.65 pf= 1.06 | val n=  16 net=   -1.25 pf= 0.88 win=0.50 w=1/6 syms+=1/3 (0.1s)
[crypto/account/base] MR-RSI2(th=10)         dev n=   0 net=    0.00 pf=  nan | val n=   0 net=    0.00 pf=  nan win=nan w=0/6 syms+=None/None (0.1s)
[crypto/account/adverse] MR-RSI2(th=10)         dev n=   0 net=    0.00 pf=  nan | val n=   0 net=    0.00 pf=  nan win=nan w=0/6 syms+=None/None (0.1s)
[crypto/portfolio/base] MR-RSI2(th=5)          dev n=  19 net=    8.58 pf= 2.62 | val n=  14 net=    0.25 pf= 1.04 win=0.64 w=1/6 syms+=2/3 (0.1s)
[crypto/portfolio/adverse] MR-RSI2(th=5)          dev n=  19 net=    8.41 pf= 2.58 | val n=  14 net=    0.13 pf= 1.02 win=0.64 w=1/6 syms+=2/3 (0.1s)
[crypto/account/base] MR-RSI2(th=5)          dev n=   0 net=    0.00 pf=  nan | val n=   0 net=    0.00 pf=  nan win=nan w=0/6 syms+=None/None (0.1s)
[crypto/account/adverse] MR-RSI2(th=5)          dev n=   0 net=    0.00 pf=  nan | val n=   0 net=    0.00 pf=  nan win=nan w=0/6 syms+=None/None (0.1s)
[crypto/portfolio/base] MR-BB(k=2.0)           dev n=   4 net=    5.23 pf=  inf | val n=   6 net=    3.21 pf= 1.60 win=0.50 w=1/6 syms+=2/3 (0.1s)
[crypto/portfolio/adverse] MR-BB(k=2.0)           dev n=   4 net=    5.20 pf=  inf | val n=   6 net=    3.16 pf= 1.59 win=0.50 w=1/6 syms+=2/3 (0.1s)
[crypto/account/base] MR-BB(k=2.0)           dev n=   0 net=    0.00 pf=  nan | val n=   0 net=    0.00 pf=  nan win=nan w=0/6 syms+=None/None (0.1s)
[crypto/account/adverse] MR-BB(k=2.0)           dev n=   0 net=    0.00 pf=  nan | val n=   0 net=    0.00 pf=  nan win=nan w=0/6 syms+=None/None (0.1s)
[crypto/portfolio/base] MR-BB(k=2.5)           dev n=   2 net=    3.47 pf=  inf | val n=   3 net=   -0.94 pf= 0.72 win=0.33 w=1/6 syms+=1/2 (0.1s)
[crypto/portfolio/adverse] MR-BB(k=2.5)           dev n=   2 net=    3.45 pf=  inf | val n=   3 net=   -0.97 pf= 0.71 win=0.33 w=1/6 syms+=1/2 (0.1s)
[crypto/account/base] MR-BB(k=2.5)           dev n=   0 net=    0.00 pf=  nan | val n=   0 net=    0.00 pf=  nan win=nan w=0/6 syms+=None/None (0.1s)
[crypto/account/adverse] MR-BB(k=2.5)           dev n=   0 net=    0.00 pf=  nan | val n=   0 net=    0.00 pf=  nan win=nan w=0/6 syms+=None/None (0.1s)
[crypto/portfolio/base] MR-3DOWN               dev n=  24 net=   11.71 pf= 2.98 | val n=  13 net=    0.37 pf= 1.04 win=0.54 w=1/6 syms+=1/3 (0.1s)
[crypto/portfolio/adverse] MR-3DOWN               dev n=  24 net=   11.50 pf= 2.93 | val n=  13 net=    0.25 pf= 1.03 win=0.46 w=1/6 syms+=1/3 (0.1s)
[crypto/account/base] MR-3DOWN               dev n=   0 net=    0.00 pf=  nan | val n=   0 net=    0.00 pf=  nan win=nan w=0/6 syms+=None/None (0.1s)
[crypto/account/adverse] MR-3DOWN               dev n=   0 net=    0.00 pf=  nan | val n=   0 net=    0.00 pf=  nan win=nan w=0/6 syms+=None/None (0.1s)
[crypto/portfolio/base] MR-SHORT-RSI2(th=90)   dev n=  12 net=   -1.55 pf= 0.75 | val n=  34 net=    5.20 pf= 1.44 win=0.74 w=3/6 syms+=3/3 (0.2s)
[crypto/portfolio/adverse] MR-SHORT-RSI2(th=90)   dev n=  12 net=   -1.67 pf= 0.73 | val n=  34 net=    4.90 pf= 1.41 win=0.74 w=3/6 syms+=2/3 (0.2s)
[crypto/account/base] MR-SHORT-RSI2(th=90)   dev n=   2 net=    0.58 pf=  inf | val n=   2 net=   -0.66 pf= 0.29 win=0.50 w=0/6 syms+=0/1 (0.1s)
[crypto/account/adverse] MR-SHORT-RSI2(th=90)   dev n=   0 net=    0.00 pf=  nan | val n=   2 net=   -0.68 pf= 0.28 win=0.50 w=0/6 syms+=0/1 (0.1s)
[crypto/portfolio/base] MOM-RS(60,top5)        dev n=  24 net=   16.91 pf= 1.81 | val n=   8 net=  -11.23 pf= 0.23 win=0.12 w=0/6 syms+=0/3 (0.1s)
[crypto/portfolio/adverse] MOM-RS(60,top5)        dev n=  24 net=   16.67 pf= 1.79 | val n=   8 net=  -11.32 pf= 0.23 win=0.12 w=0/6 syms+=0/3 (0.1s)
[crypto/account/base] MOM-RS(60,top5)        dev n=   0 net=    0.00 pf=  nan | val n=   1 net=   -0.92 pf= 0.00 win=0.00 w=0/6 syms+=0/1 (0.1s)
[crypto/account/adverse] MOM-RS(60,top5)        dev n=   0 net=    0.00 pf=  nan | val n=   1 net=   -0.93 pf= 0.00 win=0.00 w=0/6 syms+=0/1 (0.1s)
[crypto/portfolio/base] MOM-RS(120,top5)       dev n=  17 net=   12.93 pf= 2.19 | val n=   6 net=  -12.21 pf= 0.00 win=0.00 w=0/6 syms+=0/3 (0.1s)
[crypto/portfolio/adverse] MOM-RS(120,top5)       dev n=  17 net=   12.76 pf= 2.17 | val n=   6 net=  -12.28 pf= 0.00 win=0.00 w=0/6 syms+=0/3 (0.1s)
[crypto/account/base] MOM-RS(120,top5)       dev n=   0 net=    0.00 pf=  nan | val n=   0 net=    0.00 pf=  nan win=nan w=0/6 syms+=None/None (0.1s)
[crypto/account/adverse] MOM-RS(120,top5)       dev n=   0 net=    0.00 pf=  nan | val n=   0 net=    0.00 pf=  nan win=nan w=0/6 syms+=None/None (0.1s)
[crypto/portfolio/base] BO(20)                 dev n=   9 net=   20.46 pf= 4.65 | val n=   3 net=   -1.60 pf= 0.42 win=0.33 w=0/6 syms+=1/3 (0.1s)
[crypto/portfolio/adverse] BO(20)                 dev n=   9 net=   20.32 pf= 4.60 | val n=   3 net=   -1.64 pf= 0.41 win=0.33 w=0/6 syms+=1/3 (0.1s)
[crypto/account/base] BO(20)                 dev n=   0 net=    0.00 pf=  nan | val n=   0 net=    0.00 pf=  nan win=nan w=0/6 syms+=None/None (0.1s)
[crypto/account/adverse] BO(20)                 dev n=   0 net=    0.00 pf=  nan | val n=   0 net=    0.00 pf=  nan win=nan w=0/6 syms+=None/None (0.1s)
[crypto/portfolio/base] BO(55)                 dev n=   9 net=    8.87 pf= 2.01 | val n=   1 net=   -1.25 pf= 0.00 win=0.00 w=0/6 syms+=0/1 (0.1s)
[crypto/portfolio/adverse] BO(55)                 dev n=   9 net=    8.74 pf= 1.99 | val n=   1 net=   -1.26 pf= 0.00 win=0.00 w=0/6 syms+=0/1 (0.1s)
[crypto/account/base] BO(55)                 dev n=   0 net=    0.00 pf=  nan | val n=   0 net=    0.00 pf=  nan win=nan w=0/6 syms+=None/None (0.1s)
[crypto/account/adverse] BO(55)                 dev n=   0 net=    0.00 pf=  nan | val n=   0 net=    0.00 pf=  nan win=nan w=0/6 syms+=None/None (0.1s)
equal-weight buy-and-hold return (mean/median across names):
          mean  median  count
period                      
dev     1.360   0.778      3
val    -0.348  -0.394      3
wrote /home/user/algocide/research/experiments/../results/phase3/experiments_crypto.csv 40
