[stocks/portfolio/base] MR-RSI2(th=10)         dev n=  61 net=   15.03 pf= 1.82 | val n= 157 net=  -16.02 pf= 0.81 win=0.55 w=4/6 syms+=21/50 (1.1s)
[stocks/portfolio/adverse] MR-RSI2(th=10)         dev n=  61 net=   14.50 pf= 1.78 | val n= 157 net=  -17.49 pf= 0.79 win=0.55 w=4/6 syms+=21/50 (1.0s)
[stocks/account/base] MR-RSI2(th=10)         dev n=  10 net=   -1.82 pf= 0.60 | val n=  26 net=   -7.32 pf= 0.36 win=0.42 w=0/6 syms+=8/20 (0.9s)
[stocks/account/adverse] MR-RSI2(th=10)         dev n=  10 net=   -1.87 pf= 0.59 | val n=  26 net=   -7.51 pf= 0.34 win=0.42 w=0/6 syms+=8/20 (0.9s)
[stocks/portfolio/base] MR-RSI2(th=5)          dev n=  55 net=   13.82 pf= 1.70 | val n= 141 net=   -9.69 pf= 0.87 win=0.55 w=4/6 syms+=23/50 (1.0s)
[stocks/portfolio/adverse] MR-RSI2(th=5)          dev n=  55 net=   13.34 pf= 1.67 | val n= 141 net=  -11.02 pf= 0.86 win=0.55 w=4/6 syms+=23/50 (1.0s)
[stocks/account/base] MR-RSI2(th=5)          dev n=  10 net=   -1.82 pf= 0.60 | val n=  22 net=   -9.46 pf= 0.21 win=0.32 w=0/6 syms+=5/17 (0.9s)
[stocks/account/adverse] MR-RSI2(th=5)          dev n=  10 net=   -1.87 pf= 0.59 | val n=  22 net=   -9.62 pf= 0.20 win=0.32 w=0/6 syms+=5/17 (0.9s)
[stocks/portfolio/base] MR-BB(k=2.0)           dev n=  21 net=   14.79 pf= 3.48 | val n=  61 net=  -20.37 pf= 0.62 win=0.44 w=4/6 syms+=14/34 (1.0s)
[stocks/portfolio/adverse] MR-BB(k=2.0)           dev n=  21 net=   14.59 pf= 3.42 | val n=  61 net=  -20.97 pf= 0.61 win=0.44 w=4/6 syms+=14/34 (1.0s)
[stocks/account/base] MR-BB(k=2.0)           dev n=   5 net=    0.66 pf= 1.63 | val n=  13 net=   -1.68 pf= 0.64 win=0.46 w=2/6 syms+=6/12 (0.9s)
[stocks/account/adverse] MR-BB(k=2.0)           dev n=   5 net=    0.63 pf= 1.60 | val n=  13 net=   -1.86 pf= 0.61 win=0.46 w=2/6 syms+=6/12 (0.9s)
[stocks/portfolio/base] MR-BB(k=2.5)           dev n=   8 net=   -2.12 pf= 0.47 | val n=  31 net=  -11.12 pf= 0.53 win=0.48 w=4/6 syms+=10/24 (0.9s)
[stocks/portfolio/adverse] MR-BB(k=2.5)           dev n=   8 net=   -2.20 pf= 0.46 | val n=  31 net=  -11.41 pf= 0.52 win=0.48 w=4/6 syms+=10/24 (0.9s)
[stocks/account/base] MR-BB(k=2.5)           dev n=   3 net=   -2.00 pf= 0.00 | val n=   9 net=   -0.84 pf= 0.75 win=0.33 w=1/6 syms+=2/8 (1.0s)
[stocks/account/adverse] MR-BB(k=2.5)           dev n=   3 net=   -2.01 pf= 0.00 | val n=   9 net=   -0.93 pf= 0.72 win=0.33 w=1/6 syms+=2/8 (0.9s)
[stocks/portfolio/base] MR-3DOWN               dev n=  61 net=    5.67 pf= 1.21 | val n= 132 net=  -10.26 pf= 0.86 win=0.55 w=4/6 syms+=23/47 (1.0s)
[stocks/portfolio/adverse] MR-3DOWN               dev n=  61 net=    5.12 pf= 1.19 | val n= 132 net=  -11.46 pf= 0.84 win=0.55 w=4/6 syms+=23/47 (1.0s)
[stocks/account/base] MR-3DOWN               dev n=  13 net=    3.21 pf= 2.07 | val n=  26 net=   -5.21 pf= 0.47 win=0.50 w=1/6 syms+=7/17 (1.0s)
[stocks/account/adverse] MR-3DOWN               dev n=  13 net=    3.07 pf= 2.02 | val n=  26 net=   -5.42 pf= 0.46 win=0.50 w=1/6 syms+=6/17 (1.0s)
[stocks/portfolio/base] MR-SHORT-RSI2(th=90)   dev n=  49 net=    1.63 pf= 1.11 | val n= 107 net=    7.03 pf= 1.12 win=0.59 w=3/6 syms+=13/28 (1.0s)
[stocks/portfolio/adverse] MR-SHORT-RSI2(th=90)   dev n=  49 net=    1.15 pf= 1.08 | val n= 107 net=    6.00 pf= 1.10 win=0.59 w=3/6 syms+=13/28 (1.0s)
[stocks/account/base] MR-SHORT-RSI2(th=90)   dev n=  14 net=    0.44 pf= 1.13 | val n=  24 net=    3.17 pf= 1.49 win=0.58 w=4/6 syms+=7/14 (1.0s)
[stocks/account/adverse] MR-SHORT-RSI2(th=90)   dev n=  14 net=    0.29 pf= 1.09 | val n=  24 net=    3.01 pf= 1.47 win=0.58 w=4/6 syms+=7/14 (0.9s)
[stocks/portfolio/base] MOM-RS(60,top5)        dev n=  48 net=  -14.88 pf= 0.81 | val n=  33 net=   71.54 pf= 2.93 win=0.55 w=0/6 syms+=6/8 (0.9s)
[stocks/portfolio/adverse] MOM-RS(60,top5)        dev n=  48 net=  -15.37 pf= 0.81 | val n=  33 net=   71.22 pf= 2.91 win=0.55 w=0/6 syms+=6/8 (1.0s)
[stocks/account/base] MOM-RS(60,top5)        dev n=   4 net=    3.67 pf= 2.52 | val n=   2 net=   -0.96 pf= 0.04 win=0.50 w=0/6 syms+=1/2 (0.9s)
[stocks/account/adverse] MOM-RS(60,top5)        dev n=   4 net=    3.58 pf= 2.47 | val n=   2 net=   -0.97 pf= 0.03 win=0.50 w=0/6 syms+=1/2 (0.9s)
[stocks/portfolio/base] MOM-RS(120,top5)       dev n=  35 net=   47.65 pf= 2.11 | val n=  35 net=   62.04 pf= 2.49 win=0.54 w=0/6 syms+=6/9 (1.0s)
[stocks/portfolio/adverse] MOM-RS(120,top5)       dev n=  35 net=   47.28 pf= 2.09 | val n=  35 net=   61.69 pf= 2.47 win=0.54 w=0/6 syms+=6/9 (1.0s)
[stocks/account/base] MOM-RS(120,top5)       dev n=   3 net=    3.60 pf= 4.10 | val n=   2 net=   -0.93 pf= 0.04 win=0.50 w=0/6 syms+=1/2 (0.9s)
[stocks/account/adverse] MOM-RS(120,top5)       dev n=   3 net=    3.53 pf= 4.02 | val n=   2 net=   -0.95 pf= 0.03 win=0.50 w=0/6 syms+=1/2 (0.9s)
[stocks/portfolio/base] BO(20)                 dev n=   8 net=   -1.73 pf= 0.70 | val n=  33 net=    2.56 pf= 1.09 win=0.36 w=0/6 syms+=7/24 (0.9s)
[stocks/portfolio/adverse] BO(20)                 dev n=   8 net=   -1.85 pf= 0.68 | val n=  33 net=    2.12 pf= 1.07 win=0.36 w=0/6 syms+=7/24 (1.0s)
[stocks/account/base] BO(20)                 dev n=   2 net=   -1.50 pf= 0.00 | val n=   6 net=    2.03 pf= 1.65 win=0.33 w=0/6 syms+=2/6 (0.9s)
[stocks/account/adverse] BO(20)                 dev n=   2 net=   -1.51 pf= 0.00 | val n=   6 net=    1.90 pf= 1.61 win=0.33 w=0/6 syms+=2/6 (0.9s)
[stocks/portfolio/base] BO(55)                 dev n=   8 net=   -0.72 pf= 0.87 | val n=  29 net=   12.77 pf= 1.57 win=0.48 w=0/6 syms+=12/23 (0.9s)
[stocks/portfolio/adverse] BO(55)                 dev n=   8 net=   -0.83 pf= 0.85 | val n=  29 net=   12.39 pf= 1.55 win=0.48 w=0/6 syms+=12/23 (1.0s)
[stocks/account/base] BO(55)                 dev n=   1 net=   -0.49 pf= 0.00 | val n=   6 net=    3.63 pf= 2.54 win=0.50 w=0/6 syms+=2/5 (0.9s)
[stocks/account/adverse] BO(55)                 dev n=   1 net=   -0.50 pf= 0.00 | val n=   6 net=    3.50 pf= 2.47 win=0.50 w=0/6 syms+=2/5 (0.9s)
equal-weight buy-and-hold return (mean/median across names):
          mean  median  count
period                      
dev     0.868   0.287     59
val     0.233  -0.025     59
wrote /home/user/algocide/research/experiments/../results/phase3/experiments_stocks.csv 40
