Panel(kind=candles, bars=60m, n=5004, 2025-12-21 05:00:00+00:00..2026-07-17 16:00:00+00:00, symbols=['BTC', 'ETH']) 
splits: {'n_days': '142', 'dev_start': '2025-12-21 05:00:00+00:00', 'val_start': '2026-04-06 18:00:00+00:00', 'hold_start': '2026-06-04 18:00:00+00:00', 'end': '2026-07-17 16:01:00+00:00'} val windows: 5
[crypto1h/base] F1:ma_trend(atr_mult=2.0, fast=10, filter=False, slow=40, tf=1h)       dev n=  22 net=  -0.89 pf= 0.83 | val n=  15 net=  -2.36 pf= 0.50 win_w=1/5 (1.1s)
[crypto1h/base] F1:ma_trend(atr_mult=2.0, fast=10, filter=True, slow=40, tf=1h)        dev n=   0 net=   0.00 pf=  nan | val n=   0 net=   0.00 pf=  nan win_w=0/5 (0.8s)
[crypto1h/base] F1:ma_trend(atr_mult=2.0, fast=20, filter=False, slow=80, tf=1h)       dev n=  13 net=  -0.62 pf= 0.83 | val n=   8 net=  -1.20 pf= 0.55 win_w=1/5 (0.8s)
[crypto1h/base] F1:ma_trend(atr_mult=2.0, fast=20, filter=True, slow=80, tf=1h)        dev n=   0 net=   0.00 pf=  nan | val n=   0 net=   0.00 pf=  nan win_w=0/5 (0.7s)
[crypto1h/base] F2:bb_mr(k=2.0, max_bars=8, n=20, regime=False, tf=1h)                 dev n=  44 net=  -3.90 pf= 0.62 | val n=  24 net=  -3.31 pf= 0.51 win_w=2/5 (1.1s)
[crypto1h/base] F2:bb_mr(k=2.0, max_bars=8, n=20, regime=True, tf=1h)                  dev n=  18 net=   0.51 pf= 1.19 | val n=  14 net=  -3.62 pf= 0.40 win_w=1/5 (1.0s)
[crypto1h/base] F2:bb_mr(k=2.5, max_bars=8, n=20, regime=False, tf=1h)                 dev n=  33 net=  -3.95 pf= 0.64 | val n=  17 net=  -3.09 pf= 0.46 win_w=0/5 (1.0s)
[crypto1h/base] F2:bb_mr(k=2.5, max_bars=8, n=20, regime=True, tf=1h)                  dev n=  13 net=   1.72 pf= 1.97 | val n=   7 net=  -1.37 pf= 0.52 win_w=0/5 (1.1s)
[crypto1h/base] F3:vol_comp_bo(pct=0.1, tf=1h, trail_atr=2.0)                          dev n=  11 net=   0.96 pf= 1.69 | val n=  11 net=   0.08 pf= 1.04 win_w=1/5 (1.1s)
[crypto1h/base] F3:vol_comp_bo(pct=0.2, tf=1h, trail_atr=2.0)                          dev n=  15 net=  -1.20 pf= 0.67 | val n=  14 net=   0.91 pf= 1.39 win_w=2/5 (1.1s)
[crypto1h/base] F4:channel_bo(atr_mult=1.5, n=12, tf=1h)                               dev n=  57 net=   4.53 pf= 1.25 | val n=  33 net=  -2.83 pf= 0.75 win_w=1/5 (0.9s)
[crypto1h/base] F4:channel_bo(atr_mult=1.5, n=24, tf=1h)                               dev n=  41 net=  -0.76 pf= 0.95 | val n=  25 net=  -0.18 pf= 0.98 win_w=2/5 (0.9s)
[crypto1h/base] B0:baseline_session_long()                                             dev n=  55 net=  -1.94 pf= 0.62 | val n=  41 net=   0.06 pf= 1.02 win_w=2/5 (1.0s)
[crypto1h/adverse] F1:ma_trend(atr_mult=2.0, fast=10, filter=False, slow=40, tf=1h)       dev n=  22 net=  -1.08 pf= 0.79 | val n=  15 net=  -2.52 pf= 0.47 win_w=1/5 (0.8s)
[crypto1h/adverse] F1:ma_trend(atr_mult=2.0, fast=10, filter=True, slow=40, tf=1h)        dev n=   0 net=   0.00 pf=  nan | val n=   0 net=   0.00 pf=  nan win_w=0/5 (0.7s)
[crypto1h/adverse] F1:ma_trend(atr_mult=2.0, fast=20, filter=False, slow=80, tf=1h)       dev n=  13 net=  -0.78 pf= 0.79 | val n=   8 net=  -1.29 pf= 0.51 win_w=1/5 (0.9s)
[crypto1h/adverse] F1:ma_trend(atr_mult=2.0, fast=20, filter=True, slow=80, tf=1h)        dev n=   0 net=   0.00 pf=  nan | val n=   0 net=   0.00 pf=  nan win_w=0/5 (0.7s)
[crypto1h/adverse] F2:bb_mr(k=2.0, max_bars=8, n=20, regime=False, tf=1h)                 dev n=  44 net=  -4.46 pf= 0.57 | val n=  24 net=  -3.75 pf= 0.45 win_w=1/5 (1.2s)
[crypto1h/adverse] F2:bb_mr(k=2.0, max_bars=8, n=20, regime=True, tf=1h)                  dev n=  18 net=   0.22 pf= 1.08 | val n=  14 net=  -3.87 pf= 0.36 win_w=1/5 (1.1s)
[crypto1h/adverse] F2:bb_mr(k=2.5, max_bars=8, n=20, regime=False, tf=1h)                 dev n=  33 net=  -4.48 pf= 0.59 | val n=  17 net=  -3.40 pf= 0.41 win_w=0/5 (1.0s)
[crypto1h/adverse] F2:bb_mr(k=2.5, max_bars=8, n=20, regime=True, tf=1h)                  dev n=  13 net=   1.42 pf= 1.79 | val n=   7 net=  -1.49 pf= 0.48 win_w=0/5 (0.9s)
[crypto1h/adverse] F3:vol_comp_bo(pct=0.1, tf=1h, trail_atr=2.0)                          dev n=  11 net=   0.81 pf= 1.57 | val n=  11 net=  -0.09 pf= 0.95 win_w=1/5 (1.1s)
[crypto1h/adverse] F3:vol_comp_bo(pct=0.2, tf=1h, trail_atr=2.0)                          dev n=  15 net=  -1.36 pf= 0.63 | val n=  14 net=   0.67 pf= 1.28 win_w=2/5 (1.0s)
[crypto1h/adverse] F4:channel_bo(atr_mult=1.5, n=12, tf=1h)                               dev n=  57 net=   3.25 pf= 1.18 | val n=  33 net=  -3.52 pf= 0.69 win_w=1/5 (1.0s)
[crypto1h/adverse] F4:channel_bo(atr_mult=1.5, n=24, tf=1h)                               dev n=  41 net=  -1.61 pf= 0.89 | val n=  25 net=  -0.78 pf= 0.90 win_w=1/5 (0.9s)
[crypto1h/adverse] B0:baseline_session_long()                                             dev n=  53 net=  -1.93 pf= 0.61 | val n=  41 net=  -0.10 pf= 0.97 win_w=2/5 (0.9s)
wrote /home/user/algocide/research/experiments/../results/crypto1h/experiments.csv 26 rows
