Panel(kind=sampled, bars=15m, n=12138, 2026-05-01 13:57:22.802959+00:00..2026-09-25 07:43:02.331006+00:00, symbols=['xyz:GOOGL', 'xyz:META', 'xyz:MU', 'xyz:NVDA', 'xyz:SNDK']) 
splits: {'n_days': '90', 'dev_start': '2026-05-01 13:57:22.802959+00:00', 'val_start': '2026-07-23 18:00:00+00:00', 'hold_start': '2026-08-31 18:00:00+00:00', 'end': '2026-09-25 07:44:02.331006+00:00'} val windows: 3
[stocks/base] F1:ma_trend(atr_mult=2.0, fast=10, filter=False, slow=40, tf=15m)      dev n=  56 net=  -9.63 pf= 0.73 | val n=  28 net=  -2.19 pf= 0.77 win_w=2/3 (4.4s)
[stocks/base] F1:ma_trend(atr_mult=2.0, fast=10, filter=True, slow=40, tf=15m)       dev n=   0 net=   0.00 pf=  nan | val n=   0 net=   0.00 pf=  nan win_w=0/3 (4.6s)
[stocks/base] F1:ma_trend(atr_mult=2.0, fast=20, filter=False, slow=80, tf=15m)      dev n=  41 net=   2.74 pf= 1.15 | val n=  25 net=   1.98 pf= 1.24 win_w=2/3 (4.0s)
[stocks/base] F1:ma_trend(atr_mult=2.0, fast=20, filter=True, slow=80, tf=15m)       dev n=   0 net=   0.00 pf=  nan | val n=   0 net=   0.00 pf=  nan win_w=0/3 (4.4s)
[stocks/base] F2:bb_mr(k=2.0, max_bars=8, n=20, regime=False, tf=15m)                dev n=  94 net= -22.84 pf= 0.53 | val n=  58 net= -15.43 pf= 0.37 win_w=0/3 (5.1s)
[stocks/base] F2:bb_mr(k=2.0, max_bars=8, n=20, regime=True, tf=15m)                 dev n=  47 net= -12.90 pf= 0.41 | val n=  32 net= -10.61 pf= 0.24 win_w=0/3 (4.9s)
[stocks/base] F2:bb_mr(k=2.5, max_bars=8, n=20, regime=False, tf=15m)                dev n=  65 net=  -2.45 pf= 0.92 | val n=  37 net=  -4.68 pf= 0.75 win_w=1/3 (4.7s)
[stocks/base] F2:bb_mr(k=2.5, max_bars=8, n=20, regime=True, tf=15m)                 dev n=  38 net=  -9.56 pf= 0.48 | val n=  23 net= -10.87 pf= 0.19 win_w=0/3 (4.7s)
[stocks/base] F3:vol_comp_bo(pct=0.1, tf=15m, trail_atr=2.0)                         dev n=  11 net=   3.46 pf= 2.27 | val n=   6 net=  -1.11 pf= 0.43 win_w=0/3 (5.2s)
[stocks/base] F3:vol_comp_bo(pct=0.2, tf=15m, trail_atr=2.0)                         dev n=  21 net=  -3.67 pf= 0.61 | val n=   9 net=  -1.40 pf= 0.44 win_w=0/3 (5.1s)
[stocks/base] F4:channel_bo(atr_mult=1.5, n=12, tf=15m)                              dev n=  65 net=  19.99 pf= 1.56 | val n=  37 net=  16.31 pf= 2.06 win_w=2/3 (3.8s)
[stocks/base] F4:channel_bo(atr_mult=1.5, n=24, tf=15m)                              dev n=  56 net=  12.96 pf= 1.41 | val n=  36 net=   4.37 pf= 1.30 win_w=2/3 (4.0s)
[stocks/base] F1:ma_trend(atr_mult=2.0, fast=10, filter=False, slow=40, tf=1h)       dev n=  24 net=   1.19 pf= 1.24 | val n=  18 net=   1.15 pf= 1.58 win_w=3/3 (4.5s)
[stocks/base] F1:ma_trend(atr_mult=2.0, fast=10, filter=True, slow=40, tf=1h)        dev n=   0 net=   0.00 pf=  nan | val n=   0 net=   0.00 pf=  nan win_w=0/3 (4.5s)
[stocks/base] F1:ma_trend(atr_mult=2.0, fast=20, filter=False, slow=80, tf=1h)       dev n=  19 net=   1.34 pf= 1.51 | val n=   8 net=  -0.55 pf= 0.17 win_w=0/3 (4.5s)
[stocks/base] F1:ma_trend(atr_mult=2.0, fast=20, filter=True, slow=80, tf=1h)        dev n=   0 net=   0.00 pf=  nan | val n=   0 net=   0.00 pf=  nan win_w=0/3 (4.5s)
[stocks/base] F2:bb_mr(k=2.0, max_bars=8, n=20, regime=False, tf=1h)                 dev n=  48 net=   0.32 pf= 1.03 | val n=  34 net=  -0.74 pf= 0.86 win_w=2/3 (4.7s)
[stocks/base] F2:bb_mr(k=2.0, max_bars=8, n=20, regime=True, tf=1h)                  dev n=  42 net=  -2.85 pf= 0.73 | val n=  23 net=   0.33 pf= 1.13 win_w=2/3 (5.0s)
[stocks/base] F2:bb_mr(k=2.5, max_bars=8, n=20, regime=False, tf=1h)                 dev n=  46 net=  -4.78 pf= 0.73 | val n=  28 net=  -3.83 pf= 0.38 win_w=1/3 (4.7s)
[stocks/base] F2:bb_mr(k=2.5, max_bars=8, n=20, regime=True, tf=1h)                  dev n=  37 net= -11.09 pf= 0.34 | val n=  22 net=  -2.78 pf= 0.39 win_w=1/3 (4.8s)
[stocks/base] F3:vol_comp_bo(pct=0.1, tf=1h, trail_atr=2.0)                          dev n=  16 net=   4.28 pf= 2.67 | val n=  13 net=   1.32 pf= 1.49 win_w=2/3 (4.8s)
[stocks/base] F3:vol_comp_bo(pct=0.2, tf=1h, trail_atr=2.0)                          dev n=  22 net=   1.45 pf= 1.33 | val n=  13 net=  -1.32 pf= 0.59 win_w=0/3 (4.8s)
[stocks/base] F4:channel_bo(atr_mult=1.5, n=12, tf=1h)                               dev n=  46 net=   1.99 pf= 1.15 | val n=  28 net=  -0.88 pf= 0.85 win_w=1/3 (4.3s)
[stocks/base] F4:channel_bo(atr_mult=1.5, n=24, tf=1h)                               dev n=  45 net=   1.92 pf= 1.13 | val n=  24 net=   2.51 pf= 1.53 win_w=3/3 (4.4s)
[stocks/base] F5:trend_pullback(defn=A, max_bars=16, target_r=1.5)                   dev n=  83 net=  -8.72 pf= 0.77 | val n=  51 net= -11.01 pf= 0.51 win_w=1/3 (4.9s)
[stocks/base] F5:trend_pullback(defn=A, max_bars=16, target_r=2.0)                   dev n=  79 net=  -7.12 pf= 0.81 | val n=  51 net= -11.25 pf= 0.51 win_w=1/3 (4.6s)
[stocks/base] F5:trend_pullback(defn=B, max_bars=16, target_r=1.5)                   dev n=  72 net= -10.55 pf= 0.69 | val n=  43 net= -11.56 pf= 0.45 win_w=1/3 (4.5s)
[stocks/base] F5:trend_pullback(defn=B, max_bars=16, target_r=2.0)                   dev n=  69 net=  -9.79 pf= 0.71 | val n=  43 net= -11.32 pf= 0.47 win_w=1/3 (4.9s)
[stocks/base] F6:orb(or_min=30, target_r=2.0)                                        dev n=  72 net=  -6.39 pf= 0.80 | val n=  34 net=  -0.46 pf= 0.95 win_w=1/3 (3.8s)
[stocks/base] F6:orb(or_min=30, target_r=None)                                       dev n=  60 net= -11.09 pf= 0.65 | val n=  29 net=  -0.89 pf= 0.89 win_w=1/3 (3.7s)
[stocks/base] F6:orb(or_min=60, target_r=2.0)                                        dev n=  55 net=  -0.05 pf= 1.00 | val n=  39 net=  -8.61 pf= 0.45 win_w=0/3 (3.8s)
[stocks/base] F6:orb(or_min=60, target_r=None)                                       dev n=  51 net=  -0.63 pf= 0.97 | val n=  36 net=  -9.07 pf= 0.42 win_w=0/3 (3.9s)
[stocks/base] B0:baseline_session_long()                                             dev n=  43 net=   2.74 pf= 1.35 | val n=  26 net=  -0.79 pf= 0.78 win_w=0/3 (3.6s)
[stocks/adverse] F1:ma_trend(atr_mult=2.0, fast=10, filter=False, slow=40, tf=15m)      dev n=  56 net= -11.25 pf= 0.68 | val n=  28 net=  -3.06 pf= 0.69 win_w=2/3 (3.9s)
[stocks/adverse] F1:ma_trend(atr_mult=2.0, fast=10, filter=True, slow=40, tf=15m)       dev n=   0 net=   0.00 pf=  nan | val n=   0 net=   0.00 pf=  nan win_w=0/3 (4.1s)
[stocks/adverse] F1:ma_trend(atr_mult=2.0, fast=20, filter=False, slow=80, tf=15m)      dev n=  41 net=   0.89 pf= 1.05 | val n=  25 net=   1.18 pf= 1.14 win_w=1/3 (3.9s)
[stocks/adverse] F1:ma_trend(atr_mult=2.0, fast=20, filter=True, slow=80, tf=15m)       dev n=   0 net=   0.00 pf=  nan | val n=   0 net=   0.00 pf=  nan win_w=0/3 (4.2s)
[stocks/adverse] F2:bb_mr(k=2.0, max_bars=8, n=20, regime=False, tf=15m)                dev n=  94 net= -25.91 pf= 0.47 | val n=  58 net= -16.89 pf= 0.33 win_w=0/3 (4.9s)
[stocks/adverse] F2:bb_mr(k=2.0, max_bars=8, n=20, regime=True, tf=15m)                 dev n=  47 net= -14.32 pf= 0.36 | val n=  32 net= -11.40 pf= 0.20 win_w=0/3 (4.8s)
[stocks/adverse] F2:bb_mr(k=2.5, max_bars=8, n=20, regime=False, tf=15m)                dev n=  65 net=  -5.12 pf= 0.84 | val n=  37 net=  -5.71 pf= 0.70 win_w=1/3 (4.6s)
[stocks/adverse] F2:bb_mr(k=2.5, max_bars=8, n=20, regime=True, tf=15m)                 dev n=  38 net= -11.09 pf= 0.42 | val n=  23 net= -11.19 pf= 0.16 win_w=0/3 (4.8s)
[stocks/adverse] F3:vol_comp_bo(pct=0.1, tf=15m, trail_atr=2.0)                         dev n=  11 net=   3.27 pf= 2.20 | val n=   6 net=  -1.24 pf= 0.38 win_w=0/3 (5.4s)
[stocks/adverse] F3:vol_comp_bo(pct=0.2, tf=15m, trail_atr=2.0)                         dev n=  21 net=  -4.26 pf= 0.56 | val n=   9 net=  -1.70 pf= 0.36 win_w=0/3 (5.2s)
[stocks/adverse] F4:channel_bo(atr_mult=1.5, n=12, tf=15m)                              dev n=  65 net=  17.70 pf= 1.49 | val n=  37 net=  14.73 pf= 1.98 win_w=2/3 (4.0s)
[stocks/adverse] F4:channel_bo(atr_mult=1.5, n=24, tf=15m)                              dev n=  56 net=  11.32 pf= 1.36 | val n=  36 net=   2.91 pf= 1.20 win_w=2/3 (3.8s)
[stocks/adverse] F1:ma_trend(atr_mult=2.0, fast=10, filter=False, slow=40, tf=1h)       dev n=  24 net=   0.84 pf= 1.16 | val n=  18 net=   0.88 pf= 1.42 win_w=3/3 (4.7s)
[stocks/adverse] F1:ma_trend(atr_mult=2.0, fast=10, filter=True, slow=40, tf=1h)        dev n=   0 net=   0.00 pf=  nan | val n=   0 net=   0.00 pf=  nan win_w=0/3 (4.5s)
[stocks/adverse] F1:ma_trend(atr_mult=2.0, fast=20, filter=False, slow=80, tf=1h)       dev n=  19 net=   1.10 pf= 1.41 | val n=   8 net=  -0.64 pf= 0.12 win_w=0/3 (4.6s)
[stocks/adverse] F1:ma_trend(atr_mult=2.0, fast=20, filter=True, slow=80, tf=1h)        dev n=   0 net=   0.00 pf=  nan | val n=   0 net=   0.00 pf=  nan win_w=0/3 (4.4s)
[stocks/adverse] F2:bb_mr(k=2.0, max_bars=8, n=20, regime=False, tf=1h)                 dev n=  48 net=  -1.11 pf= 0.90 | val n=  34 net=  -1.41 pf= 0.74 win_w=1/3 (4.8s)
[stocks/adverse] F2:bb_mr(k=2.0, max_bars=8, n=20, regime=True, tf=1h)                  dev n=  42 net=  -3.84 pf= 0.65 | val n=  23 net=  -0.19 pf= 0.93 win_w=1/3 (4.9s)
[stocks/adverse] F2:bb_mr(k=2.5, max_bars=8, n=20, regime=False, tf=1h)                 dev n=  46 net=  -5.76 pf= 0.67 | val n=  28 net=  -4.12 pf= 0.34 win_w=1/3 (4.8s)
[stocks/adverse] F2:bb_mr(k=2.5, max_bars=8, n=20, regime=True, tf=1h)                  dev n=  37 net= -11.78 pf= 0.31 | val n=  22 net=  -3.01 pf= 0.35 win_w=1/3 (4.7s)
[stocks/adverse] F3:vol_comp_bo(pct=0.1, tf=1h, trail_atr=2.0)                          dev n=  16 net=   3.88 pf= 2.52 | val n=  13 net=   1.09 pf= 1.40 win_w=2/3 (4.9s)
[stocks/adverse] F3:vol_comp_bo(pct=0.2, tf=1h, trail_atr=2.0)                          dev n=  22 net=   1.08 pf= 1.24 | val n=  13 net=  -1.44 pf= 0.56 win_w=0/3 (4.8s)
[stocks/adverse] F4:channel_bo(atr_mult=1.5, n=12, tf=1h)                               dev n=  46 net=   1.38 pf= 1.10 | val n=  28 net=  -1.03 pf= 0.83 win_w=1/3 (4.4s)
[stocks/adverse] F4:channel_bo(atr_mult=1.5, n=24, tf=1h)                               dev n=  45 net=   1.37 pf= 1.09 | val n=  24 net=   2.10 pf= 1.45 win_w=2/3 (4.8s)
[stocks/adverse] F5:trend_pullback(defn=A, max_bars=16, target_r=1.5)                   dev n=  83 net= -11.48 pf= 0.70 | val n=  51 net= -12.08 pf= 0.47 win_w=1/3 (4.9s)
[stocks/adverse] F5:trend_pullback(defn=A, max_bars=16, target_r=2.0)                   dev n=  79 net=  -9.88 pf= 0.75 | val n=  51 net= -12.32 pf= 0.47 win_w=0/3 (4.6s)
[stocks/adverse] F5:trend_pullback(defn=B, max_bars=16, target_r=1.5)                   dev n=  71 net= -12.08 pf= 0.64 | val n=  43 net= -12.57 pf= 0.42 win_w=1/3 (4.8s)
[stocks/adverse] F5:trend_pullback(defn=B, max_bars=16, target_r=2.0)                   dev n=  68 net= -11.18 pf= 0.66 | val n=  43 net= -12.34 pf= 0.43 win_w=1/3 (4.8s)
[stocks/adverse] F6:orb(or_min=30, target_r=2.0)                                        dev n=  72 net=  -8.15 pf= 0.75 | val n=  34 net=  -1.17 pf= 0.87 win_w=1/3 (3.6s)
[stocks/adverse] F6:orb(or_min=30, target_r=None)                                       dev n=  60 net= -12.45 pf= 0.61 | val n=  29 net=  -1.44 pf= 0.82 win_w=1/3 (3.6s)
[stocks/adverse] F6:orb(or_min=60, target_r=2.0)                                        dev n=  55 net=  -1.25 pf= 0.94 | val n=  39 net=  -9.55 pf= 0.40 win_w=0/3 (3.6s)
[stocks/adverse] F6:orb(or_min=60, target_r=None)                                       dev n=  51 net=  -1.76 pf= 0.92 | val n=  36 net=  -9.90 pf= 0.37 win_w=0/3 (3.6s)
