Panel(kind=candles, bars=15m, n=5008, 2026-05-26 10:15:00+00:00..2026-07-17 14:00:00+00:00, symbols=['BTC', 'ETH']) 
splits: {'n_days': '37', 'dev_start': '2026-05-26 10:15:00+00:00', 'val_start': '2026-06-21 18:00:00+00:00', 'hold_start': '2026-07-07 18:00:00+00:00', 'end': '2026-07-17 14:01:00+00:00'} val windows: 2
[crypto15/base] F1:ma_trend(atr_mult=2.0, fast=10, filter=False, slow=40, tf=15m)      dev n=  17 net=   0.48 pf= 1.07 | val n=   7 net=   0.10 pf= 1.05 win_w=1/2 (1.0s)
[crypto15/base] F1:ma_trend(atr_mult=2.0, fast=10, filter=True, slow=40, tf=15m)       dev n=   0 net=   0.00 pf=  nan | val n=   0 net=   0.00 pf=  nan win_w=0/2 (1.2s)
[crypto15/base] F1:ma_trend(atr_mult=2.0, fast=20, filter=False, slow=80, tf=15m)      dev n=   7 net=  -3.14 pf= 0.32 | val n=   7 net=   0.50 pf= 1.23 win_w=1/2 (0.8s)
[crypto15/base] F1:ma_trend(atr_mult=2.0, fast=20, filter=True, slow=80, tf=15m)       dev n=   0 net=   0.00 pf=  nan | val n=   0 net=   0.00 pf=  nan win_w=0/2 (0.8s)
[crypto15/base] F2:bb_mr(k=2.0, max_bars=8, n=20, regime=False, tf=15m)                dev n=  40 net= -10.90 pf= 0.41 | val n=  18 net=  -2.06 pf= 0.69 win_w=0/2 (1.0s)
[crypto15/base] F2:bb_mr(k=2.0, max_bars=8, n=20, regime=True, tf=15m)                 dev n=  14 net=  -1.45 pf= 0.68 | val n=   5 net=   0.04 pf= 1.04 win_w=1/2 (1.0s)
[crypto15/base] F2:bb_mr(k=2.5, max_bars=8, n=20, regime=False, tf=15m)                dev n=  21 net=  -3.29 pf= 0.64 | val n=   8 net=  -3.91 pf= 0.07 win_w=0/2 (1.0s)
[crypto15/base] F2:bb_mr(k=2.5, max_bars=8, n=20, regime=True, tf=15m)                 dev n=   6 net=  -0.37 pf= 0.82 | val n=   0 net=   0.00 pf=  nan win_w=0/2 (0.9s)
[crypto15/base] F3:vol_comp_bo(pct=0.1, tf=15m, trail_atr=2.0)                         dev n=   5 net=   2.94 pf= 4.36 | val n=   0 net=   0.00 pf=  nan win_w=0/2 (1.0s)
[crypto15/base] F3:vol_comp_bo(pct=0.2, tf=15m, trail_atr=2.0)                         dev n=   6 net=   2.96 pf= 4.38 | val n=   2 net=  -1.53 pf= 0.00 win_w=0/2 (1.0s)
[crypto15/base] F4:channel_bo(atr_mult=1.5, n=12, tf=15m)                              dev n=  34 net=  -9.31 pf= 0.56 | val n=  16 net=   3.38 pf= 1.41 win_w=1/2 (0.9s)
[crypto15/base] F4:channel_bo(atr_mult=1.5, n=24, tf=15m)                              dev n=  27 net=  -8.11 pf= 0.56 | val n=  12 net=   4.62 pf= 2.12 win_w=1/2 (1.0s)
[crypto15/base] F1:ma_trend(atr_mult=2.0, fast=10, filter=False, slow=40, tf=1h)       dev n=   3 net=  -0.93 pf= 0.31 | val n=   4 net=  -0.25 pf= 0.62 win_w=0/2 (0.9s)
[crypto15/base] F1:ma_trend(atr_mult=2.0, fast=10, filter=True, slow=40, tf=1h)        dev n=   0 net=   0.00 pf=  nan | val n=   0 net=   0.00 pf=  nan win_w=0/2 (0.9s)
[crypto15/base] F1:ma_trend(atr_mult=2.0, fast=20, filter=False, slow=80, tf=1h)       dev n=   3 net=  -0.88 pf= 0.32 | val n=   1 net=  -0.17 pf= 0.00 win_w=0/2 (0.9s)
[crypto15/base] F1:ma_trend(atr_mult=2.0, fast=20, filter=True, slow=80, tf=1h)        dev n=   0 net=   0.00 pf=  nan | val n=   0 net=   0.00 pf=  nan win_w=0/2 (0.8s)
[crypto15/base] F2:bb_mr(k=2.0, max_bars=8, n=20, regime=False, tf=1h)                 dev n=  14 net=  -2.20 pf= 0.47 | val n=   7 net=   1.39 pf= 3.01 win_w=1/2 (1.1s)
[crypto15/base] F2:bb_mr(k=2.0, max_bars=8, n=20, regime=True, tf=1h)                  dev n=   4 net=   0.04 pf= 1.20 | val n=   2 net=   0.68 pf=  inf win_w=1/2 (1.0s)
[crypto15/base] F2:bb_mr(k=2.5, max_bars=8, n=20, regime=False, tf=1h)                 dev n=  12 net=  -2.82 pf= 0.49 | val n=   5 net=   0.36 pf= 1.93 win_w=1/2 (1.1s)
[crypto15/base] F2:bb_mr(k=2.5, max_bars=8, n=20, regime=True, tf=1h)                  dev n=   4 net=  -0.58 pf= 0.42 | val n=   2 net=   0.29 pf= 2.07 win_w=1/2 (0.9s)
[crypto15/base] F3:vol_comp_bo(pct=0.1, tf=1h, trail_atr=2.0)                          dev n=   3 net=  -0.04 pf= 0.94 | val n=   2 net=   1.65 pf=  inf win_w=1/2 (0.9s)
[crypto15/base] F3:vol_comp_bo(pct=0.2, tf=1h, trail_atr=2.0)                          dev n=   4 net=  -0.09 pf= 0.86 | val n=   2 net=   1.65 pf=  inf win_w=1/2 (0.9s)
[crypto15/base] F4:channel_bo(atr_mult=1.5, n=12, tf=1h)                               dev n=  17 net=  -0.68 pf= 0.87 | val n=   9 net=  -0.31 pf= 0.91 win_w=0/2 (1.0s)
[crypto15/base] F4:channel_bo(atr_mult=1.5, n=24, tf=1h)                               dev n=  12 net=   1.59 pf= 1.62 | val n=   7 net=  -0.43 pf= 0.87 win_w=0/2 (1.0s)
[crypto15/base] F5:trend_pullback(defn=A, max_bars=16, target_r=1.5)                   dev n=  27 net=   7.39 pf= 2.19 | val n=  13 net=  -2.59 pf= 0.50 win_w=0/2 (0.9s)
[crypto15/base] F5:trend_pullback(defn=A, max_bars=16, target_r=2.0)                   dev n=  26 net=   8.97 pf= 2.52 | val n=  13 net=  -1.70 pf= 0.67 win_w=0/2 (1.0s)
[crypto15/base] F5:trend_pullback(defn=B, max_bars=16, target_r=1.5)                   dev n=  21 net=   0.55 pf= 1.07 | val n=   9 net=   0.04 pf= 1.01 win_w=0/2 (1.0s)
[crypto15/base] F5:trend_pullback(defn=B, max_bars=16, target_r=2.0)                   dev n=  21 net=   1.80 pf= 1.24 | val n=   9 net=   0.48 pf= 1.16 win_w=0/2 (1.0s)
[crypto15/base] F6:orb(or_min=30, target_r=2.0)                                        dev n=  32 net=  -7.49 pf= 0.59 | val n=  17 net=   0.39 pf= 1.05 win_w=1/2 (0.8s)
[crypto15/base] F6:orb(or_min=30, target_r=None)                                       dev n=  28 net=  -5.56 pf= 0.68 | val n=  15 net=   3.27 pf= 1.43 win_w=0/2 (0.8s)
[crypto15/base] F6:orb(or_min=60, target_r=2.0)                                        dev n=  29 net=  -1.88 pf= 0.86 | val n=  10 net=   2.66 pf= 2.12 win_w=1/2 (0.8s)
[crypto15/base] F6:orb(or_min=60, target_r=None)                                       dev n=  25 net=  -3.12 pf= 0.76 | val n=   8 net=   4.34 pf= 2.83 win_w=1/2 (0.8s)
[crypto15/base] B0:baseline_session_long()                                             dev n=  19 net=  -3.57 pf= 0.21 | val n=  10 net=   0.03 pf= 1.01 win_w=0/2 (0.8s)
[crypto15/adverse] F1:ma_trend(atr_mult=2.0, fast=10, filter=False, slow=40, tf=15m)      dev n=  17 net=  -0.07 pf= 0.99 | val n=   7 net=  -0.08 pf= 0.96 win_w=1/2 (0.8s)
[crypto15/adverse] F1:ma_trend(atr_mult=2.0, fast=10, filter=True, slow=40, tf=15m)       dev n=   0 net=   0.00 pf=  nan | val n=   0 net=   0.00 pf=  nan win_w=0/2 (0.7s)
[crypto15/adverse] F1:ma_trend(atr_mult=2.0, fast=20, filter=False, slow=80, tf=15m)      dev n=   7 net=  -3.23 pf= 0.30 | val n=   7 net=   0.32 pf= 1.15 win_w=1/2 (0.8s)
[crypto15/adverse] F1:ma_trend(atr_mult=2.0, fast=20, filter=True, slow=80, tf=15m)       dev n=   0 net=   0.00 pf=  nan | val n=   0 net=   0.00 pf=  nan win_w=0/2 (0.7s)
[crypto15/adverse] F2:bb_mr(k=2.0, max_bars=8, n=20, regime=False, tf=15m)                dev n=  40 net= -11.98 pf= 0.36 | val n=  18 net=  -2.60 pf= 0.61 win_w=0/2 (0.9s)
[crypto15/adverse] F2:bb_mr(k=2.0, max_bars=8, n=20, regime=True, tf=15m)                 dev n=  14 net=  -1.85 pf= 0.59 | val n=   5 net=  -0.11 pf= 0.89 win_w=0/2 (0.9s)
[crypto15/adverse] F2:bb_mr(k=2.5, max_bars=8, n=20, regime=False, tf=15m)                dev n=  21 net=  -3.96 pf= 0.57 | val n=   8 net=  -3.97 pf= 0.07 win_w=0/2 (0.9s)
[crypto15/adverse] F2:bb_mr(k=2.5, max_bars=8, n=20, regime=True, tf=15m)                 dev n=   6 net=  -0.52 pf= 0.75 | val n=   0 net=   0.00 pf=  nan win_w=0/2 (0.8s)
[crypto15/adverse] F3:vol_comp_bo(pct=0.1, tf=15m, trail_atr=2.0)                         dev n=   5 net=   2.60 pf= 3.78 | val n=   0 net=   0.00 pf=  nan win_w=0/2 (0.9s)
[crypto15/adverse] F3:vol_comp_bo(pct=0.2, tf=15m, trail_atr=2.0)                         dev n=   6 net=   2.58 pf= 3.72 | val n=   2 net=  -1.56 pf= 0.00 win_w=0/2 (1.0s)
[crypto15/adverse] F4:channel_bo(atr_mult=1.5, n=12, tf=15m)                              dev n=  34 net= -10.58 pf= 0.51 | val n=  16 net=   2.46 pf= 1.30 win_w=1/2 (0.8s)
[crypto15/adverse] F4:channel_bo(atr_mult=1.5, n=24, tf=15m)                              dev n=  27 net=  -9.12 pf= 0.51 | val n=  12 net=   3.98 pf= 1.97 win_w=1/2 (0.9s)
[crypto15/adverse] F1:ma_trend(atr_mult=2.0, fast=10, filter=False, slow=40, tf=1h)       dev n=   3 net=  -0.94 pf= 0.30 | val n=   4 net=  -0.28 pf= 0.58 win_w=0/2 (0.9s)
[crypto15/adverse] F1:ma_trend(atr_mult=2.0, fast=10, filter=True, slow=40, tf=1h)        dev n=   0 net=   0.00 pf=  nan | val n=   0 net=   0.00 pf=  nan win_w=0/2 (0.8s)
[crypto15/adverse] F1:ma_trend(atr_mult=2.0, fast=20, filter=False, slow=80, tf=1h)       dev n=   3 net=  -0.90 pf= 0.31 | val n=   1 net=  -0.17 pf= 0.00 win_w=0/2 (0.9s)
[crypto15/adverse] F1:ma_trend(atr_mult=2.0, fast=20, filter=True, slow=80, tf=1h)        dev n=   0 net=   0.00 pf=  nan | val n=   0 net=   0.00 pf=  nan win_w=0/2 (0.8s)
[crypto15/adverse] F2:bb_mr(k=2.0, max_bars=8, n=20, regime=False, tf=1h)                 dev n=  14 net=  -2.38 pf= 0.43 | val n=   7 net=   1.24 pf= 2.71 win_w=1/2 (1.0s)
[crypto15/adverse] F2:bb_mr(k=2.0, max_bars=8, n=20, regime=True, tf=1h)                  dev n=   4 net=  -0.02 pf= 0.90 | val n=   2 net=   0.64 pf=  inf win_w=1/2 (0.9s)
[crypto15/adverse] F2:bb_mr(k=2.5, max_bars=8, n=20, regime=False, tf=1h)                 dev n=  12 net=  -3.02 pf= 0.46 | val n=   5 net=   0.29 pf= 1.70 win_w=1/2 (0.9s)
[crypto15/adverse] F2:bb_mr(k=2.5, max_bars=8, n=20, regime=True, tf=1h)                  dev n=   4 net=  -0.64 pf= 0.36 | val n=   2 net=   0.26 pf= 1.93 win_w=1/2 (0.9s)
[crypto15/adverse] F3:vol_comp_bo(pct=0.1, tf=1h, trail_atr=2.0)                          dev n=   3 net=  -0.06 pf= 0.91 | val n=   2 net=   1.61 pf=  inf win_w=1/2 (0.9s)
[crypto15/adverse] F3:vol_comp_bo(pct=0.2, tf=1h, trail_atr=2.0)                          dev n=   4 net=  -0.12 pf= 0.83 | val n=   2 net=   1.61 pf=  inf win_w=1/2 (0.9s)
[crypto15/adverse] F4:channel_bo(atr_mult=1.5, n=12, tf=1h)                               dev n=  17 net=  -0.97 pf= 0.81 | val n=   9 net=  -0.49 pf= 0.85 win_w=0/2 (0.9s)
[crypto15/adverse] F4:channel_bo(atr_mult=1.5, n=24, tf=1h)                               dev n=  12 net=   1.32 pf= 1.52 | val n=   7 net=  -0.58 pf= 0.82 win_w=0/2 (0.9s)
[crypto15/adverse] F5:trend_pullback(defn=A, max_bars=16, target_r=1.5)                   dev n=  27 net=   6.37 pf= 2.01 | val n=  13 net=  -2.77 pf= 0.47 win_w=0/2 (1.0s)
[crypto15/adverse] F5:trend_pullback(defn=A, max_bars=16, target_r=2.0)                   dev n=  26 net=   7.87 pf= 2.32 | val n=  13 net=  -1.92 pf= 0.63 win_w=0/2 (1.0s)
[crypto15/adverse] F5:trend_pullback(defn=B, max_bars=16, target_r=1.5)                   dev n=  21 net=  -0.06 pf= 0.99 | val n=   9 net=  -0.16 pf= 0.95 win_w=0/2 (1.0s)
[crypto15/adverse] F5:trend_pullback(defn=B, max_bars=16, target_r=2.0)                   dev n=  21 net=   1.13 pf= 1.15 | val n=   9 net=   0.26 pf= 1.09 win_w=0/2 (1.0s)
[crypto15/adverse] F6:orb(or_min=30, target_r=2.0)                                        dev n=  32 net=  -8.57 pf= 0.54 | val n=  17 net=  -0.20 pf= 0.97 win_w=1/2 (0.8s)
[crypto15/adverse] F6:orb(or_min=30, target_r=None)                                       dev n=  28 net=  -6.63 pf= 0.62 | val n=  15 net=   2.41 pf= 1.31 win_w=0/2 (0.8s)
[crypto15/adverse] F6:orb(or_min=60, target_r=2.0)                                        dev n=  29 net=  -2.85 pf= 0.79 | val n=  10 net=   2.30 pf= 1.96 win_w=1/2 (0.8s)
[crypto15/adverse] F6:orb(or_min=60, target_r=None)                                       dev n=  25 net=  -3.94 pf= 0.70 | val n=   8 net=   3.86 pf= 2.61 win_w=1/2 (0.8s)
[crypto15/adverse] B0:baseline_session_long()                                             dev n=  19 net=  -3.62 pf= 0.20 | val n=  10 net=   0.02 pf= 1.01 win_w=0/2 (0.8s)
wrote /home/user/algocide/research/experiments/../results/crypto15/experiments.csv 66 rows
